Namespace(hdf5_name='/blue/neurology-dept/jlabasbas/hdf5s/180_train_axial.hdf5', plane='axial', which_set='train', debugging=False, data_csv='/blue/neurology-dept/jlabasbas/out-fine/data.csv', pattern='*', height=180, width=180, data_dir='/blue/neurology-dept/jlabasbas/out-fine', CT_name='ct.nii', MR_name='mr.nii')
data size: 126
Volume Nr: 0 Processing Data from /blue/neurology-dept/jlabasbas/out-fine/1BA001/ct.nii
(180, 180, 201)
0 ~ 200
Volume: 0 Finished Data Reading and Appending in 0.169 seconds.
Volume Nr: 1 Processing Data from /blue/neurology-dept/jlabasbas/out-fine/1BA014/ct.nii
(180, 180, 173)
0 ~ 172
Volume: 1 Finished Data Reading and Appending in 0.157 seconds.
Volume Nr: 2 Processing Data from /blue/neurology-dept/jlabasbas/out-fine/1BA032/ct.nii
(180, 180, 175)
0 ~ 175
Volume: 2 Finished Data Reading and Appending in 0.214 seconds.
Volume Nr: 3 Processing Data from /blue/neurology-dept/jlabasbas/out-fine/1BA040/ct.nii
(180, 180, 188)
0 ~ 187
Volume: 3 Finished Data Reading and Appending in 0.179 seconds.
Volume Nr: 4 Processing Data from /blue/neurology-dept/jlabasbas/out-fine/1BA054/ct.nii
(180, 180, 219)
0 ~ 218
Volume: 4 Finished Data Reading and Appending in 0.202 seconds.
Volume Nr: 5 Processing Data from /blue/neurology-dept/jlabasbas/out-fine/1BA075/ct.nii
(180, 180, 206)
0 ~ 205
Volume: 5 Finished Data Reading and Appending in 0.199 seconds.
Volume Nr: 6 Processing Data from /blue/neurology-dept/jlabasbas/out-fine/1BA082/ct.nii
(180, 180, 217)
0 ~ 216
Volume: 6 Finished Data Reading and Appending in 0.213 seconds.
Volume Nr: 7 Processing Data from /blue/neurology-dept/jlabasbas/out-fine/1BA085/ct.nii
(180, 180, 205)
0 ~ 204
Volume: 7 Finished Data Reading and Appending in 0.210 seconds.
Volume Nr: 8 Processing Data from /blue/neurology-dept/jlabasbas/out-fine/1BA091/ct.nii
(180, 180, 208)
0 ~ 207
Volume: 8 Finished Data Reading and Appending in 0.219 seconds.
Volume Nr: 9 Processing Data from /blue/neurology-dept/jlabasbas/out-fine/1BA097/ct.nii
(180, 180, 201)
0 ~ 200
Volume: 9 Finished Data Reading and Appending in 0.224 seconds.
Volume Nr: 10 Processing Data from /blue/neurology-dept/jlabasbas/out-fine/1BA100/ct.nii
(180, 180, 187)
0 ~ 187
Volume: 10 Finished Data Reading and Appending in 0.236 seconds.
Volume Nr: 11 Processing Data from /blue/neurology-dept/jlabasbas/out-fine/1BA103/ct.nii
(180, 180, 206)
0 ~ 206
Volume: 11 Finished Data Reading and Appending in 0.246 seconds.
Volume Nr: 12 Processing Data from /blue/neurology-dept/jlabasbas/out-fine/1BA116/ct.nii
(180, 180, 197)
0 ~ 196
Volume: 12 Finished Data Reading and Appending in 0.232 seconds.
Volume Nr: 13 Processing Data from /blue/neurology-dept/jlabasbas/out-fine/1BA131/ct.nii
(180, 180, 206)
0 ~ 205
Volume: 13 Finished Data Reading and Appending in 0.253 seconds.
Volume Nr: 14 Processing Data from /blue/neurology-dept/jlabasbas/out-fine/1BA141/ct.nii
(180, 180, 189)
0 ~ 188
Volume: 14 Finished Data Reading and Appending in 0.245 seconds.
Volume Nr: 15 Processing Data from /blue/neurology-dept/jlabasbas/out-fine/1BA159/ct.nii
(180, 180, 194)
0 ~ 193
Volume: 15 Finished Data Reading and Appending in 0.257 seconds.
Volume Nr: 16 Processing Data from /blue/neurology-dept/jlabasbas/out-fine/1BA172/ct.nii
(180, 180, 201)
0 ~ 200
Volume: 16 Finished Data Reading and Appending in 0.274 seconds.
Volume Nr: 17 Processing Data from /blue/neurology-dept/jlabasbas/out-fine/1BA175/ct.nii
(180, 180, 188)
0 ~ 187
Volume: 17 Finished Data Reading and Appending in 0.271 seconds.
Volume Nr: 18 Processing Data from /blue/neurology-dept/jlabasbas/out-fine/1BA184/ct.nii
(180, 180, 198)
0 ~ 197
Volume: 18 Finished Data Reading and Appending in 0.270 seconds.
Volume Nr: 19 Processing Data from /blue/neurology-dept/jlabasbas/out-fine/1BA189/ct.nii
(180, 180, 207)
0 ~ 206
Volume: 19 Finished Data Reading and Appending in 0.280 seconds.
Volume Nr: 20 Processing Data from /blue/neurology-dept/jlabasbas/out-fine/1BA206/ct.nii
(180, 180, 186)
0 ~ 185
Volume: 20 Finished Data Reading and Appending in 0.279 seconds.
Volume Nr: 21 Processing Data from /blue/neurology-dept/jlabasbas/out-fine/1BA220/ct.nii
(180, 180, 193)
1 ~ 193
Volume: 21 Finished Data Reading and Appending in 0.284 seconds.
Volume Nr: 22 Processing Data from /blue/neurology-dept/jlabasbas/out-fine/1BA222/ct.nii
(180, 180, 204)
0 ~ 203
Volume: 22 Finished Data Reading and Appending in 0.303 seconds.
Volume Nr: 23 Processing Data from /blue/neurology-dept/jlabasbas/out-fine/1BA227/ct.nii
(180, 180, 209)
0 ~ 208
Volume: 23 Finished Data Reading and Appending in 0.304 seconds.
Volume Nr: 24 Processing Data from /blue/neurology-dept/jlabasbas/out-fine/1BA234/ct.nii
(180, 180, 179)
0 ~ 178
Volume: 24 Finished Data Reading and Appending in 0.299 seconds.
Volume Nr: 25 Processing Data from /blue/neurology-dept/jlabasbas/out-fine/1BA239/ct.nii
(180, 180, 182)
1 ~ 182
Volume: 25 Finished Data Reading and Appending in 0.307 seconds.
Volume Nr: 26 Processing Data from /blue/neurology-dept/jlabasbas/out-fine/1BA256/ct.nii
(180, 180, 204)
0 ~ 203
Volume: 26 Finished Data Reading and Appending in 0.320 seconds.
Volume Nr: 27 Processing Data from /blue/neurology-dept/jlabasbas/out-fine/1BA260/ct.nii
(180, 180, 206)
0 ~ 205
Volume: 27 Finished Data Reading and Appending in 0.326 seconds.
Volume Nr: 28 Processing Data from /blue/neurology-dept/jlabasbas/out-fine/1BA266/ct.nii
(180, 180, 201)
0 ~ 200
Volume: 28 Finished Data Reading and Appending in 0.332 seconds.
Volume Nr: 29 Processing Data from /blue/neurology-dept/jlabasbas/out-fine/1BA278/ct.nii
(180, 180, 210)
2 ~ 211
Volume: 29 Finished Data Reading and Appending in 0.347 seconds.
Volume Nr: 30 Processing Data from /blue/neurology-dept/jlabasbas/out-fine/1BA288/ct.nii
(180, 180, 184)
0 ~ 183
Volume: 30 Finished Data Reading and Appending in 0.333 seconds.
Volume Nr: 31 Processing Data from /blue/neurology-dept/jlabasbas/out-fine/1BA292/ct.nii
(180, 180, 195)
0 ~ 194
Volume: 31 Finished Data Reading and Appending in 0.347 seconds.
Volume Nr: 32 Processing Data from /blue/neurology-dept/jlabasbas/out-fine/1BA294/ct.nii
(180, 180, 204)
0 ~ 203
Volume: 32 Finished Data Reading and Appending in 0.366 seconds.
Volume Nr: 33 Processing Data from /blue/neurology-dept/jlabasbas/out-fine/1BA300/ct.nii
(180, 180, 208)
1 ~ 208
Volume: 33 Finished Data Reading and Appending in 0.372 seconds.
Volume Nr: 34 Processing Data from /blue/neurology-dept/jlabasbas/out-fine/1BA325/ct.nii
(180, 180, 186)
3 ~ 188
Volume: 34 Finished Data Reading and Appending in 0.362 seconds.
Volume Nr: 35 Processing Data from /blue/neurology-dept/jlabasbas/out-fine/1BA328/ct.nii
(180, 180, 198)
0 ~ 197
Volume: 35 Finished Data Reading and Appending in 0.379 seconds.
Volume Nr: 36 Processing Data from /blue/neurology-dept/jlabasbas/out-fine/1BA336/ct.nii
(180, 180, 165)
0 ~ 164
Volume: 36 Finished Data Reading and Appending in 0.366 seconds.
Volume Nr: 37 Processing Data from /blue/neurology-dept/jlabasbas/out-fine/1BA379/ct.nii
(180, 180, 214)
0 ~ 213
Volume: 37 Finished Data Reading and Appending in 0.380 seconds.
Volume Nr: 38 Processing Data from /blue/neurology-dept/jlabasbas/out-fine/1BB002/ct.nii
(180, 180, 168)
1 ~ 168
Volume: 38 Finished Data Reading and Appending in 0.384 seconds.
Volume Nr: 39 Processing Data from /blue/neurology-dept/jlabasbas/out-fine/1BB003/ct.nii
(180, 180, 193)
1 ~ 193
Volume: 39 Finished Data Reading and Appending in 0.392 seconds.
Volume Nr: 40 Processing Data from /blue/neurology-dept/jlabasbas/out-fine/1BB006/ct.nii
(180, 180, 185)
0 ~ 184
Volume: 40 Finished Data Reading and Appending in 0.439 seconds.
Volume Nr: 41 Processing Data from /blue/neurology-dept/jlabasbas/out-fine/1BB008/ct.nii
(180, 180, 177)
0 ~ 176
Volume: 41 Finished Data Reading and Appending in 0.398 seconds.
Volume Nr: 42 Processing Data from /blue/neurology-dept/jlabasbas/out-fine/1BB011/ct.nii
(180, 180, 189)
0 ~ 188
Volume: 42 Finished Data Reading and Appending in 0.410 seconds.
Volume Nr: 43 Processing Data from /blue/neurology-dept/jlabasbas/out-fine/1BB016/ct.nii
(180, 180, 161)
1 ~ 161
Volume: 43 Finished Data Reading and Appending in 0.408 seconds.
Volume Nr: 44 Processing Data from /blue/neurology-dept/jlabasbas/out-fine/1BB017/ct.nii
(180, 180, 187)
0 ~ 186
Volume: 44 Finished Data Reading and Appending in 0.423 seconds.
Volume Nr: 45 Processing Data from /blue/neurology-dept/jlabasbas/out-fine/1BB028/ct.nii
(180, 180, 173)
1 ~ 173
Volume: 45 Finished Data Reading and Appending in 0.415 seconds.
Volume Nr: 46 Processing Data from /blue/neurology-dept/jlabasbas/out-fine/1BB031/ct.nii
(180, 180, 185)
1 ~ 185
Volume: 46 Finished Data Reading and Appending in 0.430 seconds.
Volume Nr: 47 Processing Data from /blue/neurology-dept/jlabasbas/out-fine/1BB033/ct.nii
(180, 180, 179)
1 ~ 179
Volume: 47 Finished Data Reading and Appending in 0.442 seconds.
Volume Nr: 48 Processing Data from /blue/neurology-dept/jlabasbas/out-fine/1BB034/ct.nii
(180, 180, 197)
1 ~ 197
Volume: 48 Finished Data Reading and Appending in 0.442 seconds.
Volume Nr: 49 Processing Data from /blue/neurology-dept/jlabasbas/out-fine/1BB041/ct.nii
(180, 180, 191)
0 ~ 190
Volume: 49 Finished Data Reading and Appending in 0.459 seconds.
Volume Nr: 50 Processing Data from /blue/neurology-dept/jlabasbas/out-fine/1BB043/ct.nii
(180, 180, 174)
0 ~ 173
Volume: 50 Finished Data Reading and Appending in 0.488 seconds.
Volume Nr: 51 Processing Data from /blue/neurology-dept/jlabasbas/out-fine/1BB044/ct.nii
(180, 180, 186)
0 ~ 185
Volume: 51 Finished Data Reading and Appending in 0.450 seconds.
Volume Nr: 52 Processing Data from /blue/neurology-dept/jlabasbas/out-fine/1BB048/ct.nii
(180, 180, 164)
2 ~ 165
Volume: 52 Finished Data Reading and Appending in 0.454 seconds.
Volume Nr: 53 Processing Data from /blue/neurology-dept/jlabasbas/out-fine/1BB049/ct.nii
(180, 180, 195)
0 ~ 194
Volume: 53 Finished Data Reading and Appending in 0.472 seconds.
Volume Nr: 54 Processing Data from /blue/neurology-dept/jlabasbas/out-fine/1BB050/ct.nii
(180, 180, 170)
0 ~ 169
Volume: 54 Finished Data Reading and Appending in 0.500 seconds.
Volume Nr: 55 Processing Data from /blue/neurology-dept/jlabasbas/out-fine/1BB051/ct.nii
(180, 180, 194)
1 ~ 194
Volume: 55 Finished Data Reading and Appending in 0.480 seconds.
Volume Nr: 56 Processing Data from /blue/neurology-dept/jlabasbas/out-fine/1BB059/ct.nii
(180, 180, 184)
0 ~ 183
Volume: 56 Finished Data Reading and Appending in 0.532 seconds.
Volume Nr: 57 Processing Data from /blue/neurology-dept/jlabasbas/out-fine/1BB062/ct.nii
(180, 180, 216)
1 ~ 216
Volume: 57 Finished Data Reading and Appending in 0.497 seconds.
Volume Nr: 58 Processing Data from /blue/neurology-dept/jlabasbas/out-fine/1BB071/ct.nii
(180, 180, 194)
0 ~ 193
Volume: 58 Finished Data Reading and Appending in 0.500 seconds.
Volume Nr: 59 Processing Data from /blue/neurology-dept/jlabasbas/out-fine/1BB072/ct.nii
(180, 180, 176)
1 ~ 176
Volume: 59 Finished Data Reading and Appending in 0.539 seconds.
Volume Nr: 60 Processing Data from /blue/neurology-dept/jlabasbas/out-fine/1BB075/ct.nii
(180, 180, 192)
1 ~ 192
Volume: 60 Finished Data Reading and Appending in 0.504 seconds.
Volume Nr: 61 Processing Data from /blue/neurology-dept/jlabasbas/out-fine/1BB082/ct.nii
(180, 180, 188)
0 ~ 187
Volume: 61 Finished Data Reading and Appending in 0.570 seconds.
Volume Nr: 62 Processing Data from /blue/neurology-dept/jlabasbas/out-fine/1BB085/ct.nii
(180, 180, 195)
0 ~ 194
Volume: 62 Finished Data Reading and Appending in 0.521 seconds.
Volume Nr: 63 Processing Data from /blue/neurology-dept/jlabasbas/out-fine/1BB095/ct.nii
(180, 180, 190)
1 ~ 190
Volume: 63 Finished Data Reading and Appending in 0.522 seconds.
Volume Nr: 64 Processing Data from /blue/neurology-dept/jlabasbas/out-fine/1BB096/ct.nii
(180, 180, 195)
2 ~ 196
Volume: 64 Finished Data Reading and Appending in 0.542 seconds.
Volume Nr: 65 Processing Data from /blue/neurology-dept/jlabasbas/out-fine/1BB098/ct.nii
(180, 180, 167)
1 ~ 167
Volume: 65 Finished Data Reading and Appending in 0.527 seconds.
Volume Nr: 66 Processing Data from /blue/neurology-dept/jlabasbas/out-fine/1BB099/ct.nii
(180, 180, 176)
0 ~ 175
Volume: 66 Finished Data Reading and Appending in 0.532 seconds.
Volume Nr: 67 Processing Data from /blue/neurology-dept/jlabasbas/out-fine/1BB100/ct.nii
(180, 180, 181)
0 ~ 180
Volume: 67 Finished Data Reading and Appending in 0.540 seconds.
Volume Nr: 68 Processing Data from /blue/neurology-dept/jlabasbas/out-fine/1BB102/ct.nii
(180, 180, 178)
0 ~ 177
Volume: 68 Finished Data Reading and Appending in 0.542 seconds.
Volume Nr: 69 Processing Data from /blue/neurology-dept/jlabasbas/out-fine/1BB109/ct.nii
(180, 180, 170)
1 ~ 170
Volume: 69 Finished Data Reading and Appending in 0.544 seconds.
Volume Nr: 70 Processing Data from /blue/neurology-dept/jlabasbas/out-fine/1BB111/ct.nii
(180, 180, 176)
0 ~ 175
Volume: 70 Finished Data Reading and Appending in 0.557 seconds.
Volume Nr: 71 Processing Data from /blue/neurology-dept/jlabasbas/out-fine/1BB151/ct.nii
(180, 180, 165)
1 ~ 165
Volume: 71 Finished Data Reading and Appending in 0.552 seconds.
Volume Nr: 72 Processing Data from /blue/neurology-dept/jlabasbas/out-fine/1BB152/ct.nii
(180, 180, 260)
1 ~ 260
Warning: Number of slices 260 exceeds 255, truncating max_index_dataset to 255.
Volume: 72 Finished Data Reading and Appending in 0.598 seconds.
Volume Nr: 73 Processing Data from /blue/neurology-dept/jlabasbas/out-fine/1BB171/ct.nii
(180, 180, 205)
2 ~ 206
Volume: 73 Finished Data Reading and Appending in 0.590 seconds.
Volume Nr: 74 Processing Data from /blue/neurology-dept/jlabasbas/out-fine/1BB175/ct.nii
(180, 180, 196)
1 ~ 196
Volume: 74 Finished Data Reading and Appending in 0.585 seconds.
Volume Nr: 75 Processing Data from /blue/neurology-dept/jlabasbas/out-fine/1BB177/ct.nii
(180, 180, 190)
2 ~ 191
Volume: 75 Finished Data Reading and Appending in 0.592 seconds.
Volume Nr: 76 Processing Data from /blue/neurology-dept/jlabasbas/out-fine/1BB182/ct.nii
(180, 180, 179)
2 ~ 180
Volume: 76 Finished Data Reading and Appending in 0.595 seconds.
Volume Nr: 77 Processing Data from /blue/neurology-dept/jlabasbas/out-fine/1BB184/ct.nii
(180, 180, 170)
1 ~ 170
Volume: 77 Finished Data Reading and Appending in 0.631 seconds.
Volume Nr: 78 Processing Data from /blue/neurology-dept/jlabasbas/out-fine/1BB189/ct.nii
(180, 180, 193)
3 ~ 195
Volume: 78 Finished Data Reading and Appending in 0.608 seconds.
Volume Nr: 79 Processing Data from /blue/neurology-dept/jlabasbas/out-fine/1BB200/ct.nii
(180, 180, 188)
1 ~ 188
Volume: 79 Finished Data Reading and Appending in 0.709 seconds.
Volume Nr: 80 Processing Data from /blue/neurology-dept/jlabasbas/out-fine/1BB205/ct.nii
(180, 180, 215)
3 ~ 217
Volume: 80 Finished Data Reading and Appending in 0.636 seconds.
Volume Nr: 81 Processing Data from /blue/neurology-dept/jlabasbas/out-fine/1BC001/ct.nii
(180, 180, 184)
0 ~ 183
Volume: 81 Finished Data Reading and Appending in 0.661 seconds.
Volume Nr: 82 Processing Data from /blue/neurology-dept/jlabasbas/out-fine/1BC004/ct.nii
(180, 180, 179)
0 ~ 178
Volume: 82 Finished Data Reading and Appending in 0.664 seconds.
Volume Nr: 83 Processing Data from /blue/neurology-dept/jlabasbas/out-fine/1BC006/ct.nii
(180, 180, 177)
0 ~ 176
Volume: 83 Finished Data Reading and Appending in 0.674 seconds.
Volume Nr: 84 Processing Data from /blue/neurology-dept/jlabasbas/out-fine/1BC007/ct.nii
(180, 180, 185)
1 ~ 185
Volume: 84 Finished Data Reading and Appending in 0.678 seconds.
Volume Nr: 85 Processing Data from /blue/neurology-dept/jlabasbas/out-fine/1BC008/ct.nii
(180, 180, 169)
0 ~ 168
Volume: 85 Finished Data Reading and Appending in 0.672 seconds.
Volume Nr: 86 Processing Data from /blue/neurology-dept/jlabasbas/out-fine/1BC009/ct.nii
(180, 180, 167)
0 ~ 166
Volume: 86 Finished Data Reading and Appending in 0.673 seconds.
Volume Nr: 87 Processing Data from /blue/neurology-dept/jlabasbas/out-fine/1BC010/ct.nii
(180, 180, 184)
0 ~ 183
Volume: 87 Finished Data Reading and Appending in 0.698 seconds.
Volume Nr: 88 Processing Data from /blue/neurology-dept/jlabasbas/out-fine/1BC014/ct.nii
(180, 180, 187)
4 ~ 190
Volume: 88 Finished Data Reading and Appending in 0.650 seconds.
Volume Nr: 89 Processing Data from /blue/neurology-dept/jlabasbas/out-fine/1BC017/ct.nii
(180, 180, 178)
0 ~ 177
Volume: 89 Finished Data Reading and Appending in 0.658 seconds.
Volume Nr: 90 Processing Data from /blue/neurology-dept/jlabasbas/out-fine/1BC020/ct.nii
(180, 180, 218)
0 ~ 217
Volume: 90 Finished Data Reading and Appending in 0.682 seconds.
Volume Nr: 91 Processing Data from /blue/neurology-dept/jlabasbas/out-fine/1BC021/ct.nii
(180, 180, 167)
0 ~ 166
Volume: 91 Finished Data Reading and Appending in 0.662 seconds.
Volume Nr: 92 Processing Data from /blue/neurology-dept/jlabasbas/out-fine/1BC022/ct.nii
(180, 180, 216)
2 ~ 217
Volume: 92 Finished Data Reading and Appending in 0.694 seconds.
Volume Nr: 93 Processing Data from /blue/neurology-dept/jlabasbas/out-fine/1BC023/ct.nii
(180, 180, 170)
0 ~ 169
Volume: 93 Finished Data Reading and Appending in 0.681 seconds.
Volume Nr: 94 Processing Data from /blue/neurology-dept/jlabasbas/out-fine/1BC025/ct.nii
(180, 180, 174)
1 ~ 174
Volume: 94 Finished Data Reading and Appending in 0.684 seconds.
Volume Nr: 95 Processing Data from /blue/neurology-dept/jlabasbas/out-fine/1BC027/ct.nii
(180, 180, 228)
1 ~ 228
Volume: 95 Finished Data Reading and Appending in 0.709 seconds.
Volume Nr: 96 Processing Data from /blue/neurology-dept/jlabasbas/out-fine/1BC031/ct.nii
(180, 180, 180)
0 ~ 179
Volume: 96 Finished Data Reading and Appending in 0.707 seconds.
Volume Nr: 97 Processing Data from /blue/neurology-dept/jlabasbas/out-fine/1BC034/ct.nii
(180, 180, 180)
0 ~ 179
Volume: 97 Finished Data Reading and Appending in 0.721 seconds.
Volume Nr: 98 Processing Data from /blue/neurology-dept/jlabasbas/out-fine/1BC035/ct.nii
(180, 180, 197)
6 ~ 202
Volume: 98 Finished Data Reading and Appending in 0.729 seconds.
Volume Nr: 99 Processing Data from /blue/neurology-dept/jlabasbas/out-fine/1BC036/ct.nii
(180, 180, 163)
1 ~ 163
Volume: 99 Finished Data Reading and Appending in 0.708 seconds.
Volume Nr: 100 Processing Data from /blue/neurology-dept/jlabasbas/out-fine/1BC039/ct.nii
(180, 180, 176)
0 ~ 175
Volume: 100 Finished Data Reading and Appending in 0.718 seconds.
Volume Nr: 101 Processing Data from /blue/neurology-dept/jlabasbas/out-fine/1BC041/ct.nii
(180, 180, 192)
4 ~ 195
Volume: 101 Finished Data Reading and Appending in 0.740 seconds.
Volume Nr: 102 Processing Data from /blue/neurology-dept/jlabasbas/out-fine/1BC046/ct.nii
(180, 180, 213)
0 ~ 212
Volume: 102 Finished Data Reading and Appending in 0.739 seconds.
Volume Nr: 103 Processing Data from /blue/neurology-dept/jlabasbas/out-fine/1BC047/ct.nii
(180, 180, 180)
2 ~ 181
Volume: 103 Finished Data Reading and Appending in 0.740 seconds.
Volume Nr: 104 Processing Data from /blue/neurology-dept/jlabasbas/out-fine/1BC048/ct.nii
(180, 180, 175)
2 ~ 176
Volume: 104 Finished Data Reading and Appending in 0.741 seconds.
Volume Nr: 105 Processing Data from /blue/neurology-dept/jlabasbas/out-fine/1BC049/ct.nii
(180, 180, 188)
2 ~ 189
Volume: 105 Finished Data Reading and Appending in 0.755 seconds.
Volume Nr: 106 Processing Data from /blue/neurology-dept/jlabasbas/out-fine/1BC050/ct.nii
(180, 180, 165)
0 ~ 164
Volume: 106 Finished Data Reading and Appending in 0.744 seconds.
Volume Nr: 107 Processing Data from /blue/neurology-dept/jlabasbas/out-fine/1BC052/ct.nii
(180, 180, 174)
0 ~ 173
Volume: 107 Finished Data Reading and Appending in 0.752 seconds.
Volume Nr: 108 Processing Data from /blue/neurology-dept/jlabasbas/out-fine/1BC054/ct.nii
(180, 180, 208)
0 ~ 207
Volume: 108 Finished Data Reading and Appending in 0.768 seconds.
Volume Nr: 109 Processing Data from /blue/neurology-dept/jlabasbas/out-fine/1BC056/ct.nii
(180, 180, 177)
2 ~ 178
Volume: 109 Finished Data Reading and Appending in 0.772 seconds.
Volume Nr: 110 Processing Data from /blue/neurology-dept/jlabasbas/out-fine/1BC063/ct.nii
(180, 180, 224)
0 ~ 223
Volume: 110 Finished Data Reading and Appending in 0.789 seconds.
Volume Nr: 111 Processing Data from /blue/neurology-dept/jlabasbas/out-fine/1BC064/ct.nii
(180, 180, 183)
0 ~ 182
Volume: 111 Finished Data Reading and Appending in 0.783 seconds.
Volume Nr: 112 Processing Data from /blue/neurology-dept/jlabasbas/out-fine/1BC065/ct.nii
(180, 180, 166)
3 ~ 168
Volume: 112 Finished Data Reading and Appending in 0.783 seconds.
Volume Nr: 113 Processing Data from /blue/neurology-dept/jlabasbas/out-fine/1BC066/ct.nii
(180, 180, 174)
0 ~ 173
Volume: 113 Finished Data Reading and Appending in 0.784 seconds.
Volume Nr: 114 Processing Data from /blue/neurology-dept/jlabasbas/out-fine/1BC067/ct.nii
(180, 180, 174)
1 ~ 174
Volume: 114 Finished Data Reading and Appending in 0.801 seconds.
Volume Nr: 115 Processing Data from /blue/neurology-dept/jlabasbas/out-fine/1BC068/ct.nii
(180, 180, 170)
0 ~ 169
Volume: 115 Finished Data Reading and Appending in 0.798 seconds.
Volume Nr: 116 Processing Data from /blue/neurology-dept/jlabasbas/out-fine/1BC073/ct.nii
(180, 180, 213)
0 ~ 212
Volume: 116 Finished Data Reading and Appending in 0.812 seconds.
Volume Nr: 117 Processing Data from /blue/neurology-dept/jlabasbas/out-fine/1BC074/ct.nii
(180, 180, 171)
0 ~ 170
Volume: 117 Finished Data Reading and Appending in 0.808 seconds.
Volume Nr: 118 Processing Data from /blue/neurology-dept/jlabasbas/out-fine/1BC075/ct.nii
(180, 180, 177)
0 ~ 176
Volume: 118 Finished Data Reading and Appending in 0.814 seconds.
Volume Nr: 119 Processing Data from /blue/neurology-dept/jlabasbas/out-fine/1BC080/ct.nii
(180, 180, 171)
0 ~ 170
Volume: 119 Finished Data Reading and Appending in 0.823 seconds.
Volume Nr: 120 Processing Data from /blue/neurology-dept/jlabasbas/out-fine/1BC081/ct.nii
(180, 180, 225)
0 ~ 224
Volume: 120 Finished Data Reading and Appending in 0.844 seconds.
Volume Nr: 121 Processing Data from /blue/neurology-dept/jlabasbas/out-fine/1BC085/ct.nii
(180, 180, 182)
2 ~ 183
Volume: 121 Finished Data Reading and Appending in 0.837 seconds.
Volume Nr: 122 Processing Data from /blue/neurology-dept/jlabasbas/out-fine/1BC086/ct.nii
(180, 180, 210)
0 ~ 210
Volume: 122 Finished Data Reading and Appending in 0.845 seconds.
Volume Nr: 123 Processing Data from /blue/neurology-dept/jlabasbas/out-fine/1BC087/ct.nii
(180, 180, 217)
0 ~ 216
Volume: 123 Finished Data Reading and Appending in 0.862 seconds.
Volume Nr: 124 Processing Data from /blue/neurology-dept/jlabasbas/out-fine/1BC088/ct.nii
(180, 180, 177)
6 ~ 182
Volume: 124 Finished Data Reading and Appending in 0.861 seconds.
Volume Nr: 125 Processing Data from /blue/neurology-dept/jlabasbas/out-fine/1BC094/ct.nii
(180, 180, 209)
5 ~ 213
Volume: 125 Finished Data Reading and Appending in 0.877 seconds.
Successfully written /blue/neurology-dept/jlabasbas/hdf5s/180_train_axial.hdf5 in 143.229 seconds.
(23890, 2)
(180, 180, 23895)
23890
